// Jest Snapshot v1, https://goo.gl/fbAQLP

exports[`createRateLimitDirective limits a field 1`] = `
Object {
  "data": Object {
    "quote": "The future is something which everyone reaches at the rate of sixty minutes an hour, whatever he does, whoever he is. ― C.S. Lewis",
  },
}
`;

exports[`createRateLimitDirective limits an object 1`] = `
Object {
  "data": Object {
    "books": Array [
      Object {
        "title": "A Game of Thrones",
      },
      Object {
        "title": "The Hobbit",
      },
    ],
    "quote": "The future is something which everyone reaches at the rate of sixty minutes an hour, whatever he does, whoever he is. ― C.S. Lewis",
  },
}
`;

exports[`createRateLimitTypeDef creates custom directive definition 1`] = `
Object {
  "definitions": Array [
    Object {
      "arguments": Array [
        Object {
          "defaultValue": Object {
            "kind": "IntValue",
            "value": "60",
          },
          "description": Object {
            "block": true,
            "kind": "StringValue",
            "value": "Quantity that is allowed per period.",
          },
          "directives": Array [],
          "kind": "InputValueDefinition",
          "name": Object {
            "kind": "Name",
            "value": "limit",
          },
          "type": Object {
            "kind": "NamedType",
            "name": Object {
              "kind": "Name",
              "value": "Int",
            },
          },
        },
        Object {
          "defaultValue": Object {
            "kind": "IntValue",
            "value": "60",
          },
          "description": Object {
            "block": true,
            "kind": "StringValue",
            "value": "Number of seconds before limit is reset.",
          },
          "directives": Array [],
          "kind": "InputValueDefinition",
          "name": Object {
            "kind": "Name",
            "value": "duration",
          },
          "type": Object {
            "kind": "NamedType",
            "name": Object {
              "kind": "Name",
              "value": "Int",
            },
          },
        },
      ],
      "description": Object {
        "block": true,
        "kind": "StringValue",
        "value": "Controls the rate of traffic.",
      },
      "kind": "DirectiveDefinition",
      "locations": Array [
        Object {
          "kind": "Name",
          "value": "OBJECT",
        },
        Object {
          "kind": "Name",
          "value": "FIELD_DEFINITION",
        },
      ],
      "name": Object {
        "kind": "Name",
        "value": "customRateLimit",
      },
    },
  ],
  "kind": "Document",
  "loc": Object {
    "end": 270,
    "start": 0,
  },
}
`;
